>/usr/local/ghdl/lib/ghdl/ieee/v93/
../../src/ieee/v93/std_logic_1164.vhdl
>/usr/local/ghdl/lib/ghdl/ieee/v93/
../../src/ieee/v93/std_logic_1164-body.vhdl
>/usr/local/ghdl/lib/ghdl/ieee/v93/
../../src/ieee/v93/numeric_std.vhdl
>/usr/local/ghdl/lib/ghdl/ieee/v93/
../../src/ieee/v93/numeric_std-body.vhdl
>WORK/
testbench_AOC2_SoC_2026.vhd
>WORK/
AOC2_SoC_2026.vhd
>/usr/local/ghdl/lib/ghdl/ieee/v93/
../../src/synopsys/std_logic_arith.vhdl
>/usr/local/ghdl/lib/ghdl/ieee/v93/
../../src/synopsys/std_logic_unsigned.vhdl
>WORK/
IO_MD_subsystem_2026.vhd
>WORK/
RAM_128_32_P1_tests_2026.vhd
>WORK/
REGISTER.vhd
>WORK/
INCOMPLETE_Mips_segmentado_IRQ_2026.vhd
>WORK/
adder32.vhd
>WORK/
RAM_I_test_exceptions_neuron_2026.vhd
>WORK/
Banco_ID.vhd
>WORK/
BReg.vhd
>WORK/
Ext_signo.vhd
>WORK/
bits_shifter.vhd
>WORK/
INCOMPLETE_UC_Mips_2026.vhd
>WORK/
INCOMPLETE_UD_2026.vhd
>WORK/
Banco_EX.vhd
>WORK/
INCOMPLETE_UA_2026.vhd
>WORK/
mux4_1.vhd
>WORK/
mux2_1.vhd
>WORK/
ALU_2026.vhd
>WORK/
mux2_5bits.vhd
>WORK/
Banco_MEM.vhd
>WORK/
Exception_manager.vhd
>WORK/
Banco_WB.vhd
>WORK/
counter.vhd
